smoke mode: generating 20 weapons x 50 targets, K=10 (5 targets/wave), seed=123
loading dynamic instance: output/tmp/smoke_dyn_20x50x1_K10.txt
m=20 n=50 K=10 mu=1 total_value=3030

=== MC run 1/3 (seed 42) ===
  wave  0 | new   5 | stay   0 | avg d  1.00 | exp cost     0.4726 | destroyed      301 | bt   0 | cum leak        0 |   1.29s
  wave  1 | new   5 | stay   0 | avg d  1.00 | exp cost     0.0943 | destroyed      247 | bt   0 | cum leak        0 |  30.43s
  wave  2 | new   5 | stay   0 | avg d  1.00 | exp cost     0.5764 | destroyed      388 | bt   0 | cum leak        0 |   6.04s
  wave  3 | new   5 | stay   0 | avg d  1.00 | exp cost     1.1548 | destroyed      333 | bt   0 | cum leak        0 |   0.40s
  wave  4 | new   5 | stay   0 | avg d  1.00 | exp cost     0.3770 | destroyed      278 | bt   0 | cum leak        0 |   4.98s
  wave  5 | new   5 | stay   0 | avg d  1.00 | exp cost     0.2838 | destroyed      246 | bt   0 | cum leak        0 |  18.74s
  wave  6 | new   5 | stay   0 | avg d  1.00 | exp cost     0.2637 | destroyed      349 | bt   0 | cum leak        0 |  30.41s
  wave  7 | new   5 | stay   0 | avg d  1.00 | exp cost     0.2519 | destroyed      207 | bt   0 | cum leak        0 |  10.33s
  wave  8 | new   5 | stay   0 | avg d  1.00 | exp cost        n/a | destroyed        0 | bt   0 | cum leak      306 |  12.65s  [WARNING: no solution file produced (rc=1) - wave not engaged, all targets stay over]
  wave  9 | new   5 | stay   5 | avg d  1.00 | exp cost    13.3210 | destroyed      681 | bt   0 | cum leak        0 |   0.54s

=== MC run 2/3 (seed 43) ===
  wave  0 | new   5 | stay   0 | avg d  1.00 | exp cost     0.4726 | destroyed      301 | bt   0 | cum leak        0 |   1.46s
  wave  1 | new   5 | stay   0 | avg d  1.00 | exp cost     0.0943 | destroyed      247 | bt   0 | cum leak        0 |  30.42s
  wave  2 | new   5 | stay   0 | avg d  1.00 | exp cost     0.5764 | destroyed      388 | bt   0 | cum leak        0 |   6.71s
  wave  3 | new   5 | stay   0 | avg d  1.00 | exp cost     1.1548 | destroyed      333 | bt   0 | cum leak        0 |   0.46s
  wave  4 | new   5 | stay   0 | avg d  1.00 | exp cost     0.3770 | destroyed      278 | bt   0 | cum leak        0 |   5.24s
  wave  5 | new   5 | stay   0 | avg d  1.00 | exp cost     0.2838 | destroyed      246 | bt   0 | cum leak        0 |  18.66s
  wave  6 | new   5 | stay   0 | avg d  1.00 | exp cost     0.2637 | destroyed      349 | bt   0 | cum leak        0 |  30.41s
  wave  7 | new   5 | stay   0 | avg d  1.00 | exp cost     0.2519 | destroyed      207 | bt   0 | cum leak        0 |  10.01s
  wave  8 | new   5 | stay   0 | avg d  1.00 | exp cost        n/a | destroyed        0 | bt   0 | cum leak      306 |  11.92s  [WARNING: no solution file produced (rc=1) - wave not engaged, all targets stay over]
  wave  9 | new   5 | stay   5 | avg d  1.00 | exp cost    13.3210 | destroyed      681 | bt   0 | cum leak        0 |   0.50s

=== MC run 3/3 (seed 44) ===
  wave  0 | new   5 | stay   0 | avg d  1.00 | exp cost     0.4726 | destroyed      301 | bt   0 | cum leak        0 |   1.41s
  wave  1 | new   5 | stay   0 | avg d  1.00 | exp cost     0.0943 | destroyed      247 | bt   0 | cum leak        0 |  30.43s
  wave  2 | new   5 | stay   0 | avg d  1.00 | exp cost     0.5764 | destroyed      388 | bt   0 | cum leak        0 |   7.02s
  wave  3 | new   5 | stay   0 | avg d  1.00 | exp cost     1.1548 | destroyed      333 | bt   0 | cum leak        0 |   0.52s
  wave  4 | new   5 | stay   0 | avg d  1.00 | exp cost     0.3770 | destroyed      278 | bt   0 | cum leak        0 |   5.97s
  wave  5 | new   5 | stay   0 | avg d  1.00 | exp cost     0.2838 | destroyed      246 | bt   0 | cum leak        0 |  18.22s
  wave  6 | new   5 | stay   0 | avg d  1.00 | exp cost     0.2637 | destroyed      349 | bt   0 | cum leak        0 |  30.41s
  wave  7 | new   5 | stay   0 | avg d  1.00 | exp cost     0.2519 | destroyed      207 | bt   0 | cum leak        0 |   9.48s
  wave  8 | new   5 | stay   0 | avg d  1.00 | exp cost        n/a | destroyed        0 | bt   0 | cum leak      306 |  11.13s  [WARNING: no solution file produced (rc=1) - wave not engaged, all targets stay over]
  wave  9 | new   5 | stay   5 | avg d  1.00 | exp cost    13.3210 | destroyed      681 | bt   0 | cum leak        0 |   0.62s

=== Monte-Carlo summary (3 runs) ===
  seed | leak value |  leak rate |   solver (s)
    42 |          0 |   0.000000 |        99.54
    43 |          0 |   0.000000 |       100.17
    44 |          0 |   0.000000 |       100.03
leak rate: 0.000000 +- 0.000000 (min 0.000000, max 0.000000)
avg total solver runtime: 99.91 s | avg total wall time: 115.61 s
avg stayover count per wave: ['0.0', '0.0', '0.0', '0.0', '0.0', '0.0', '0.0', '0.0', '0.0', '5.0']

reports written: output/demo_report.json, output/demo_report.md
result hash: 4903687e94750e75603690d338755a7c70518d7c5edc8466db941b5c31b54427
