loading dynamic instance: data/dyn_wta_50x100x3_K10_dist.txt
m=50 n=100 K=10 mu=3 total_value=5521

=== MC run 1/3 (seed 42) ===
  wave  0 | new  10 | stay   0 | avg d  5.90 | exp cost     0.0049 | destroyed      407 | bt   0 | cum leak        0 |  60.43s
  wave  1 | new  10 | stay   0 | avg d  6.30 | exp cost     0.0094 | destroyed      493 | bt   0 | cum leak        0 |  60.64s
  wave  2 | new  10 | stay   0 | avg d  5.80 | exp cost     0.0005 | destroyed      536 | bt   0 | cum leak        0 |  60.45s
  wave  3 | new  10 | stay   0 | avg d  6.20 | exp cost     0.0088 | destroyed      565 | bt   0 | cum leak        0 |  60.40s
  wave  4 | new  10 | stay   0 | avg d  5.60 | exp cost     0.0117 | destroyed      652 | bt   0 | cum leak        0 |  60.44s
  wave  5 | new  10 | stay   0 | avg d  6.90 | exp cost     0.0289 | destroyed      618 | bt   0 | cum leak        0 |  60.46s
  wave  6 | new  10 | stay   0 | avg d  5.60 | exp cost     0.0030 | destroyed      491 | bt   0 | cum leak        0 |  60.41s
  wave  7 | new  10 | stay   0 | avg d  6.50 | exp cost     0.0045 | destroyed      481 | bt   0 | cum leak        0 |  60.40s
  wave  8 | new  10 | stay   0 | avg d  7.50 | exp cost     0.0003 | destroyed      662 | bt   0 | cum leak        0 |  60.44s
  wave  9 | new  10 | stay   0 | avg d  5.50 | exp cost     0.0147 | destroyed      616 | bt   0 | cum leak        0 |  60.50s

=== MC run 2/3 (seed 43) ===
  wave  0 | new  10 | stay   0 | avg d  5.90 | exp cost     0.0087 | destroyed      407 | bt   0 | cum leak        0 |  60.53s
  wave  1 | new  10 | stay   0 | avg d  6.30 | exp cost     0.0094 | destroyed      493 | bt   0 | cum leak        0 |  60.55s
  wave  2 | new  10 | stay   0 | avg d  5.80 | exp cost     0.0005 | destroyed      536 | bt   0 | cum leak        0 |  60.43s
  wave  3 | new  10 | stay   0 | avg d  6.20 | exp cost     0.0088 | destroyed      565 | bt   0 | cum leak        0 |  60.45s
  wave  4 | new  10 | stay   0 | avg d  5.60 | exp cost     0.0117 | destroyed      652 | bt   0 | cum leak        0 |  60.41s
  wave  5 | new  10 | stay   0 | avg d  6.90 | exp cost     0.0097 | destroyed      618 | bt   0 | cum leak        0 |  60.45s
  wave  6 | new  10 | stay   0 | avg d  5.60 | exp cost     0.0030 | destroyed      491 | bt   0 | cum leak        0 |  60.42s
  wave  7 | new  10 | stay   0 | avg d  6.50 | exp cost     0.0045 | destroyed      481 | bt   0 | cum leak        0 |  60.57s
  wave  8 | new  10 | stay   0 | avg d  7.50 | exp cost     0.0003 | destroyed      662 | bt   0 | cum leak        0 |  60.42s
  wave  9 | new  10 | stay   0 | avg d  5.50 | exp cost     0.0147 | destroyed      616 | bt   0 | cum leak        0 |  60.39s

=== MC run 3/3 (seed 44) ===
  wave  0 | new  10 | stay   0 | avg d  5.90 | exp cost     0.0105 | destroyed      407 | bt   0 | cum leak        0 |  60.45s
  wave  1 | new  10 | stay   0 | avg d  6.30 | exp cost     0.0073 | destroyed      493 | bt   0 | cum leak        0 |  60.61s
  wave  2 | new  10 | stay   0 | avg d  5.80 | exp cost     0.0005 | destroyed      536 | bt   0 | cum leak        0 |  60.45s
  wave  3 | new  10 | stay   0 | avg d  6.20 | exp cost     0.0088 | destroyed      565 | bt   0 | cum leak        0 |  60.42s
  wave  4 | new  10 | stay   0 | avg d  5.60 | exp cost     0.0117 | destroyed      652 | bt   0 | cum leak        0 |  60.42s
  wave  5 | new  10 | stay   0 | avg d  6.90 | exp cost     0.0293 | destroyed      618 | bt   0 | cum leak        0 |  60.48s
  wave  6 | new  10 | stay   0 | avg d  5.60 | exp cost     0.0030 | destroyed      491 | bt   0 | cum leak        0 |  60.48s
  wave  7 | new  10 | stay   0 | avg d  6.50 | exp cost     0.0045 | destroyed      481 | bt   0 | cum leak        0 |  60.46s
  wave  8 | new  10 | stay   0 | avg d  7.50 | exp cost     0.0003 | destroyed      662 | bt   0 | cum leak        0 |  60.35s
  wave  9 | new  10 | stay   0 | avg d  5.50 | exp cost     0.0029 | destroyed      616 | bt   0 | cum leak        0 |  60.46s

=== Monte-Carlo summary (3 runs) ===
  seed | leak value |  leak rate |   solver (s)
    42 |          0 |   0.000000 |       600.00
    43 |          0 |   0.000000 |       600.00
    44 |          0 |   0.000000 |       600.00
leak rate: 0.000000 +- 0.000000 (min 0.000000, max 0.000000)
avg total solver runtime: 600.00 s | avg total wall time: 604.59 s
avg stayover count per wave: ['0.0', '0.0', '0.0', '0.0', '0.0', '0.0', '0.0', '0.0', '0.0', '0.0']

reports written: output/base_dist_K10_report.json, output/base_dist_K10_report.md
result hash: ae20d5abde31a106f5798ebe452263eb6fac3ec35af003984b63227cba180a11
[safe-delete][SAFE_DELETE_BULK_CONFIRM_REQUIRED] {"count":61,"threshold":50,"scope":"turn","targets":["/Users/fgod/Desktop/FGOD/Projects/UAS/WTA-Dn-branch01/output/tmp"],"targetCount":1}
